// Jest Snapshot v1, https://goo.gl/fbAQLP

exports[`Testing SearchBar snapshot should be same as previous 1`] = `
<div
  className="chakra-input__group css-4302v8"
>
  <div
    className="chakra-input__left-addon css-7xv77h"
  >
    test: 
  </div>
  <input
    className="chakra-input css-pyk3ok"
    onBlur={[Function]}
    onChange={[Function]}
    onFocus={[Function]}
    placeholder="All"
  />
</div>
`;
